=== VirtIO Block Driver Test ===
Test 1: Initializing VirtIO device...
PASS - VirtIO initialized successfully

Test 2: Reading sector 0 (MBR)...
PASS - Sector 0 read successfully
MBR Signature: 55 AA

Test 3: Reading multiple sectors (0-3)...
PASS - Multiple sectors read successfully

Test 4: Reading sector 1...
PASS - Sector 1 read successfully
First 16 bytes of sector 1:
00 00 00 00 00 00 00 00 
00 00 00 00 00 00 00 00 

=== All VirtIO Tests Completed ===
qemu-system-aarch64: terminating on signal 15 from pid 14871 (<unknown process>)
